[C:/Users/yakup/OneDrive/Masaüstü/Şeyma/111/backblue.gif]
[C:/Users/yakup/OneDrive/Masaüstü/Şeyma/111/fade.gif]
[C:/Users/yakup/OneDrive/Masaüstü/Şeyma/111/index.html]
[C:/Users/yakup/OneDrive/Masaüstü/Şeyma/111/alex.jollyany.co/index.php/blogc0d0]
[C:/Users/yakup/OneDrive/Masaüstü/Şeyma/111/alex.jollyany.co/index.php/blog7b17]
[C:/Users/yakup/OneDrive/Masaüstü/Şeyma/111/alex.jollyany.co/media/system/js/core.minf3a0.js]
[C:/Users/yakup/OneDrive/Masaüstü/Şeyma/111/alex.jollyany.co/media/vendor/bootstrap/js/bootstrap-es5.min5488.js]
[C:/Users/yakup/OneDrive/Masaüstü/Şeyma/111/alex.jollyany.co/media/vendor/bootstrap/js/alert.min5488.js]
[C:/Users/yakup/OneDrive/Masaüstü/Şeyma/111/alex.jollyany.co/media/vendor/bootstrap/js/button.min5488.js]
[C:/Users/yakup/OneDrive/Masaüstü/Şeyma/111/alex.jollyany.co/media/vendor/bootstrap/js/carousel.min5488.js]
[C:/Users/yakup/OneDrive/Masaüstü/Şeyma/111/alex.jollyany.co/media/vendor/bootstrap/js/collapse.min5488.js]
[C:/Users/yakup/OneDrive/Masaüstü/Şeyma/111/alex.jollyany.co/media/vendor/bootstrap/js/dropdown.min5488.js]
[C:/Users/yakup/OneDrive/Masaüstü/Şeyma/111/alex.jollyany.co/media/vendor/bootstrap/js/modal.min5488.js]
[C:/Users/yakup/OneDrive/Masaüstü/Şeyma/111/alex.jollyany.co/media/vendor/bootstrap/js/offcanvas.min5488.js]
[C:/Users/yakup/OneDrive/Masaüstü/Şeyma/111/alex.jollyany.co/media/vendor/bootstrap/js/popover.min5488.js]
[C:/Users/yakup/OneDrive/Masaüstü/Şeyma/111/alex.jollyany.co/media/vendor/bootstrap/js/scrollspy.min5488.js]
[C:/Users/yakup/OneDrive/Masaüstü/Şeyma/111/alex.jollyany.co/media/vendor/bootstrap/js/tab.min5488.js]
[C:/Users/yakup/OneDrive/Masaüstü/Şeyma/111/alex.jollyany.co/media/vendor/bootstrap/js/toast.min5488.js]
[C:/Users/yakup/OneDrive/Masaüstü/Şeyma/111/alex.jollyany.co/media/vendor/jquery/js/jquery.min84e3.js]
[C:/Users/yakup/OneDrive/Masaüstü/Şeyma/111/alex.jollyany.co/media/legacy/js/jquery-noconflict.minaad7.js]
[C:/Users/yakup/OneDrive/Masaüstü/Şeyma/111/use.fontawesome.com/releases/v6.0.0/css/all.css]
[C:/Users/yakup/OneDrive/Masaüstü/Şeyma/111/alex.jollyany.co/templates/tz_alex/js/custom66ca.js]
[C:/Users/yakup/OneDrive/Masaüstü/Şeyma/111/alex.jollyany.co/images/kelly-sikkema-v9FQR4tbIq8-unsplash.jpg]
[C:/Users/yakup/OneDrive/Masaüstü/Şeyma/111/alex.jollyany.co/images/helena-lopes-AJe5BEybfXE-unsplash.jpg]
[C:/Users/yakup/OneDrive/Masaüstü/Şeyma/111/alex.jollyany.co/images/christopher-campbell-kFCdfLbu6zA-unsplash.jpg]
[C:/Users/yakup/OneDrive/Masaüstü/Şeyma/111/alex.jollyany.co/images/perfect-snacks-LGWMmdHoFGc-unsplash.jpg]
[C:/Users/yakup/OneDrive/Masaüstü/Şeyma/111/alex.jollyany.co/images/you-x-ventures-zSpGWzwRFas-unsplash.jpg]
[C:/Users/yakup/OneDrive/Masaüstü/Şeyma/111/alex.jollyany.co/images/victoria-bilsborough-U-ouhtPgHH4-unsplash.jpg]
[C:/Users/yakup/OneDrive/Masaüstü/Şeyma/111/alex.jollyany.co/images/jeswin-thomas-XQfh5DHuhmE-unsplash.jpg]
[C:/Users/yakup/OneDrive/Masaüstü/Şeyma/111/alex.jollyany.co/images/julian-timmerman-Fn27DlI8bZ8-unsplash.jpg]
[C:/Users/yakup/OneDrive/Masaüstü/Şeyma/111/alex.jollyany.co/images/campaign-creators-yktK2qaiVHI-unsplash.jpg]
[C:/Users/yakup/OneDrive/Masaüstü/Şeyma/111/alex.jollyany.co/images/ivana-cajina-TUXUCVXmjQk-unsplash.jpg]
[C:/Users/yakup/OneDrive/Masaüstü/Şeyma/111/alex.jollyany.co/images/myriam-jessier-eveI7MOcSmw-unsplash.jpg]
[C:/Users/yakup/OneDrive/Masaüstü/Şeyma/111/alex.jollyany.co/images/paige-cody-ITTqjS3UpoY-unsplash.jpg]
[C:/Users/yakup/OneDrive/Masaüstü/Şeyma/111/alex.jollyany.co/media/astroid/assets/vendor/jquery/jquery-3.5.1.min66ca.js]
[C:/Users/yakup/OneDrive/Masaüstü/Şeyma/111/alex.jollyany.co/media/astroid/assets/vendor/jquery/jquery.noConflict66ca.js]
[C:/Users/yakup/OneDrive/Masaüstü/Şeyma/111/alex.jollyany.co/media/astroid/assets/vendor/jquery/jquery.easing.min66ca.js]
[C:/Users/yakup/OneDrive/Masaüstü/Şeyma/111/alex.jollyany.co/media/astroid/assets/vendor/astroid/js/offcanvas66ca.js]
[C:/Users/yakup/OneDrive/Masaüstü/Şeyma/111/alex.jollyany.co/media/astroid/assets/vendor/astroid/js/mobilemenu66ca.js]
[C:/Users/yakup/OneDrive/Masaüstü/Şeyma/111/alex.jollyany.co/media/astroid/assets/vendor/astroid/js/megamenu66ca.js]
[C:/Users/yakup/OneDrive/Masaüstü/Şeyma/111/alex.jollyany.co/media/astroid/assets/vendor/hoverIntent/jquery.hoverIntent.min66ca.js]
[C:/Users/yakup/OneDrive/Masaüstü/Şeyma/111/alex.jollyany.co/media/jollyany/assets/js/uikit.min66ca.js]
[C:/Users/yakup/OneDrive/Masaüstü/Şeyma/111/alex.jollyany.co/media/jollyany/assets/js/uikit-icons.min66ca.js]
[C:/Users/yakup/OneDrive/Masaüstü/Şeyma/111/alex.jollyany.co/media/jollyany/assets/js/frontend.min66ca.js]
[C:/Users/yakup/OneDrive/Masaüstü/Şeyma/111/alex.jollyany.co/media/astroid/assets/vendor/astroid/js/script66ca.js]
[C:/Users/yakup/OneDrive/Masaüstü/Şeyma/111/alex.jollyany.co/media/astroid/assets/vendor/astroid/js/debug66ca.js]
[C:/Users/yakup/OneDrive/Masaüstü/Şeyma/111/alex.jollyany.co/index.php/blog.html]
[C:/Users/yakup/OneDrive/Masaüstü/Şeyma/111/alex.jollyany.co/media/jollyany/assets/fonts/linearicons/Linearicons.ttf]
[C:/Users/yakup/OneDrive/Masaüstü/Şeyma/111/alex.jollyany.co/media/jollyany/assets/fonts/linearicons/font66ca.css]
[C:/Users/yakup/OneDrive/Masaüstü/Şeyma/111/use.fontawesome.com/releases/v6.0.0/css/all.css]
[C:/Users/yakup/OneDrive/Masaüstü/Şeyma/111/alex.jollyany.co/media/system/css/joomla-fontawesome66ca.css]
[C:/Users/yakup/OneDrive/Masaüstü/Şeyma/111/alex.jollyany.co/media/jollyany/assets/images/star.png]
[C:/Users/yakup/OneDrive/Masaüstü/Şeyma/111/alex.jollyany.co/templates/tz_alex/css/compiled-15e9f3a4d3758169c4ff3d5354ad0cb966ca.css]
[C:/Users/yakup/OneDrive/Masaüstü/Şeyma/111/alex.jollyany.co/media/astroid/assets/vendor/astroid/css/debug66ca.css]
[C:/Users/yakup/OneDrive/Masaüstü/Şeyma/111/alex.jollyany.co/index.php/pages/border-style.html]
[C:/Users/yakup/OneDrive/Masaüstü/Şeyma/111/alex.jollyany.co/images/annie-spratt-0zpsx_mq3xi-unsplash.jpg]
[C:/Users/yakup/OneDrive/Masaüstü/Şeyma/111/alex.jollyany.co/images/autumn-studio-pam7sd5wm6g-unsplash.jpg]
[C:/Users/yakup/OneDrive/Masaüstü/Şeyma/111/alex.jollyany.co/images/bharath-g-s-algipj4xro4-unsplash.jpg]
[C:/Users/yakup/OneDrive/Masaüstü/Şeyma/111/alex.jollyany.co/images/casey-horner-9vf1uj6i6ww-unsplash.jpg]
[C:/Users/yakup/OneDrive/Masaüstü/Şeyma/111/alex.jollyany.co/images/geordanna-cordero-2qg4y32pdcc-unsplash.jpg]
[C:/Users/yakup/OneDrive/Masaüstü/Şeyma/111/alex.jollyany.co/images/daniel-olah-vs_kfx4yf5g-unsplash.jpg]
[C:/Users/yakup/OneDrive/Masaüstü/Şeyma/111/alex.jollyany.co/images/david-von-diemar-m2i83vaw-_a-unsplash.jpg]
[C:/Users/yakup/OneDrive/Masaüstü/Şeyma/111/alex.jollyany.co/images/geordanna-cordero-pqtommzbpm8-unsplash.jpg]
[C:/Users/yakup/OneDrive/Masaüstü/Şeyma/111/alex.jollyany.co/images/josh-rose-tryl7jyath0-unsplash.jpg]
[C:/Users/yakup/OneDrive/Masaüstü/Şeyma/111/alex.jollyany.co/images/geordanna-cordero-sayb9cg7c70-unsplash.jpg]
[C:/Users/yakup/OneDrive/Masaüstü/Şeyma/111/alex.jollyany.co/images/henrik-donnestad-t2sai-aqipi-unsplash.jpg]
[C:/Users/yakup/OneDrive/Masaüstü/Şeyma/111/alex.jollyany.co/images/josep-martins-l3-erg8npru-unsplash.jpg]
[C:/Users/yakup/OneDrive/Masaüstü/Şeyma/111/alex.jollyany.co/index.php/pages/gallery-border-style.html]
[C:/Users/yakup/OneDrive/Masaüstü/Şeyma/111/alex.jollyany.co/images/maddi-bazzocco-TOZqUHD8L38-unsplash.jpg]
[C:/Users/yakup/OneDrive/Masaüstü/Şeyma/111/alex.jollyany.co/images/m-w-vL6XDSdvmec-unsplash.jpg]
[C:/Users/yakup/OneDrive/Masaüstü/Şeyma/111/alex.jollyany.co/images/nathan-dumlao-6VhPY27jdps-unsplash.jpg]
[C:/Users/yakup/OneDrive/Masaüstü/Şeyma/111/alex.jollyany.co/index.php/pages/slider-border-style.html]
[C:/Users/yakup/OneDrive/Masaüstü/Şeyma/111/alex.jollyany.co/index.php/pages/contact-border-style.html]
[C:/Users/yakup/OneDrive/Masaüstü/Şeyma/111/alex.jollyany.co/index.php/our-works.html]
[C:/Users/yakup/OneDrive/Masaüstü/Şeyma/111/alex.jollyany.co/index.php/our-works/gallery-slider.html]
[C:/Users/yakup/OneDrive/Masaüstü/Şeyma/111/alex.jollyany.co/index.php/contact.html]
[C:/Users/yakup/OneDrive/Masaüstü/Şeyma/111/alex.jollyany.co/images/tz_alex/avatar1.jpg]
[C:/Users/yakup/OneDrive/Masaüstü/Şeyma/111/alex.jollyany.co/index.php/blog/rewire-your-brain-to-get-rid-of-anxiety-and-depression.html]
[C:/Users/yakup/OneDrive/Masaüstü/Şeyma/111/alex.jollyany.co/images/chris-adamus-_aNFQ_7RxNc-unsplash.jpg]
[C:/Users/yakup/OneDrive/Masaüstü/Şeyma/111/alex.jollyany.co/index.php/blog/website-color-schemes-theory-practice-and-inspiration.html]
[C:/Users/yakup/OneDrive/Masaüstü/Şeyma/111/alex.jollyany.co/images/alvaro-reyes-KxVlKiqQObU-unsplash.jpg]
[C:/Users/yakup/OneDrive/Masaüstü/Şeyma/111/alex.jollyany.co/index.php/blog/5-tips-for-planning-successful-user-testing.html]
[C:/Users/yakup/OneDrive/Masaüstü/Şeyma/111/alex.jollyany.co/images/brooke-lark-W1B2LpQOBxA-unsplash.jpg]
[C:/Users/yakup/OneDrive/Masaüstü/Şeyma/111/alex.jollyany.co/index.php/blog/4-lessons-learned-from-famous-design-flaws.html]
[C:/Users/yakup/OneDrive/Masaüstü/Şeyma/111/alex.jollyany.co/images/campaign-creators-gMsnXqILjp4-unsplash.jpg]
[C:/Users/yakup/OneDrive/Masaüstü/Şeyma/111/alex.jollyany.co/index.php/blog/how-to-be-more-creative-in-photography.html]
[C:/Users/yakup/OneDrive/Masaüstü/Şeyma/111/alex.jollyany.co/index.php/blog/how-to-keep-your-rabbits-cool-in-summer.html]
[C:/Users/yakup/OneDrive/Masaüstü/Şeyma/111/alex.jollyany.co/index.php/blog/diabetes-beyond-diet-and-exercise.html]
[C:/Users/yakup/OneDrive/Masaüstü/Şeyma/111/alex.jollyany.co/images/alvin-balemesa-lJstr7OYCoM-unsplash.jpg]
[C:/Users/yakup/OneDrive/Masaüstü/Şeyma/111/alex.jollyany.co/index.php/blog/sweet-tooth-reach-for-dark-chocolate.html]
[C:/Users/yakup/OneDrive/Masaüstü/Şeyma/111/alex.jollyany.co/images/felix-rostig-UmV2wr-Vbq8-unsplash.jpg]
[C:/Users/yakup/OneDrive/Masaüstü/Şeyma/111/alex.jollyany.co/index.php/blog/4-ways-to-avoid-caregiver-burnout.html]
[C:/Users/yakup/OneDrive/Masaüstü/Şeyma/111/i.ytimg.com/vi/Qmi-Xwq-MEc/maxresdefault.jpg]
[C:/Users/yakup/OneDrive/Masaüstü/Şeyma/111/alex.jollyany.co/index.php/blog/your-brain-may-be-lying-to-you-and-stealing-your-joy.html]
[C:/Users/yakup/OneDrive/Masaüstü/Şeyma/111/alex.jollyany.co/index.php/blog/creative-photography-ideas-and-techniques-to-try-in-2021.html]
[C:/Users/yakup/OneDrive/Masaüstü/Şeyma/111/alex.jollyany.co/images/daniela-cuevas-t7YycgAoVSw-unsplash.jpg]
[C:/Users/yakup/OneDrive/Masaüstü/Şeyma/111/alex.jollyany.co/index.php/blog/why-i-hope-this-pandemic-changes-our-attitude-towards-travel.html]
[C:/Users/yakup/OneDrive/Masaüstü/Şeyma/111/alex.jollyany.co/index.php/blog/half-of-what-we-know-about-coffee-is-wrong.html]
[C:/Users/yakup/OneDrive/Masaüstü/Şeyma/111/alex.jollyany.co/index.php/blog/3-places-to-visit-in-idaho-for-educational-experiences.html]
[C:/Users/yakup/OneDrive/Masaüstü/Şeyma/111/alex.jollyany.co/index.php/blog/behind-the-brand-of-our-agency-partners-program.html]
[C:/Users/yakup/OneDrive/Masaüstü/Şeyma/111/alex.jollyany.co/index.php/blog/9-ecommerce-website-design-trends-for-2021.html]
[C:/Users/yakup/OneDrive/Masaüstü/Şeyma/111/alex.jollyany.co/index.php/blog/when-is-taking-too-many-supplements-dangerous.html]
[C:/Users/yakup/OneDrive/Masaüstü/Şeyma/111/alex.jollyany.co/images/mimi-thian-jxUuXxUFfp4-unsplash.jpg]
[C:/Users/yakup/OneDrive/Masaüstü/Şeyma/111/alex.jollyany.co/images/denys-nevozhai-z0nVqfrOqWA-unsplash.jpg]
[C:/Users/yakup/OneDrive/Masaüstü/Şeyma/111/alex.jollyany.co/images/carl-heyerdahl-KE0nC8-58MQ-unsplash.jpg]
[C:/Users/yakup/OneDrive/Masaüstü/Şeyma/111/alex.jollyany.co/images/jason-briscoe-n4ymhyyFY7A-unsplash.jpg]
[C:/Users/yakup/OneDrive/Masaüstü/Şeyma/111/alex.jollyany.co/images/jay-wennington-N_Y88TWmGwA-unsplash.jpg]
[C:/Users/yakup/OneDrive/Masaüstü/Şeyma/111/alex.jollyany.co/images/kats-weil-CLD1i8hp008-unsplash.jpg]
[C:/Users/yakup/OneDrive/Masaüstü/Şeyma/111/alex.jollyany.co/images/toa-heftiba-bcLE7reXFLM-unsplash.jpg]
[C:/Users/yakup/OneDrive/Masaüstü/Şeyma/111/alex.jollyany.co/index.php/blogbd13.html]
[C:/Users/yakup/OneDrive/Masaüstü/Şeyma/111/alex.jollyany.co/index.php/contact/index.html]
[C:/Users/yakup/OneDrive/Masaüstü/Şeyma/111/alex.jollyany.co/images/ian-schneider-jk8rarn6lmw-unsplash.jpg]
[C:/Users/yakup/OneDrive/Masaüstü/Şeyma/111/alex.jollyany.co/index.php/blog/a-beginners-guide-to-architecture-photography.html]
[C:/Users/yakup/OneDrive/Masaüstü/Şeyma/111/alex.jollyany.co/index.php/blog/10-things-every-designer-should-know.html]
[C:/Users/yakup/OneDrive/Masaüstü/Şeyma/111/alex.jollyany.co/index.php/blog/3-places-to-visit-in-idaho-for-educational-experiences-2.html]
[C:/Users/yakup/OneDrive/Masaüstü/Şeyma/111/i.ytimg.com/vi/7lvXbfNBIQg/maxresdefault.jpg]
[C:/Users/yakup/OneDrive/Masaüstü/Şeyma/111/alex.jollyany.co/index.php/blog/24-cheeses-these-chefs-always-have-in-their-fridges.html]
[C:/Users/yakup/OneDrive/Masaüstü/Şeyma/111/alex.jollyany.co/index.php/blog/how-to-make-pan-fried-dumplings.html]
[C:/Users/yakup/OneDrive/Masaüstü/Şeyma/111/alex.jollyany.co/index.php/blog/the-perfect-wine-and-pizza-pairings-please.html]
[C:/Users/yakup/OneDrive/Masaüstü/Şeyma/111/alex.jollyany.co/index.php/blog/5-reasons-why-parrots-make-good-pets.html]
